 (t_initf) Read in prof_inparm namelist from: perf_in
 (t_initf) Using profile_disable= F  profile_timer=           1
 (t_initf)  profile_depth_limit=       99999  profile_detail_limit=           1
 (t_initf)  profile_barrier= F  profile_outpe_num=           0
 (t_initf)  profile_outpe_stride=           1  profile_single_file= F
 (t_initf)  profile_global_stats= T  profile_papi_enable= F
 Layout(EW,NS) =           19          18  total procs =           48
 Layout(EW,NS) =           18          18  total procs =           16
 Layout(EW,NS) =           19          17  total procs =           48
 Layout(EW,NS) =           18          17  total procs =           16
  
 Compute higher-order ice velocities, time =   0.0000000000000000     
 Using GlobalIDs...

Partition Info in init_trilinos: Total nodes = 225485  Max = 4446  Min = 0  Ave = 1761
  
 Running Payne/Price higher-order dynamics solver
  
 iter #     resid (L2 norm)       target resid
  
Precon Linear Solve Succeeded: 3.69e-12 drop in 25 its (avg: 25 its/slv, 100% success)
Precon Linear Solve Succeeded: 7.8e-12 drop in 24 its (avg: 24.5 its/slv, 100% success)
   1         408.315            0.100000E-03
Precon Linear Solve Succeeded: 2.18e-12 drop in 15 its (avg: 21.3 its/slv, 100% success)
Precon Linear Solve Succeeded: 2.4e-12 drop in 15 its (avg: 19.8 its/slv, 100% success)
   2         410.175            0.100000E-03
Precon Linear Solve Succeeded: 8.34e-12 drop in 18 its (avg: 19.4 its/slv, 100% success)
Precon Linear Solve Succeeded: 7.42e-12 drop in 18 its (avg: 19.2 its/slv, 100% success)
   3         401.386            0.100000E-03
Precon Linear Solve Succeeded: 5.41e-12 drop in 19 its (avg: 19.1 its/slv, 100% success)
Precon Linear Solve Succeeded: 4.07e-12 drop in 19 its (avg: 19.1 its/slv, 100% success)
   4         373.900            0.100000E-03
Precon Linear Solve Succeeded: 8.41e-12 drop in 19 its (avg: 19.1 its/slv, 100% success)
Precon Linear Solve Succeeded: 5.94e-12 drop in 19 its (avg: 19.1 its/slv, 100% success)
   5         324.604            0.100000E-03
Precon Linear Solve Succeeded: 2.83e-12 drop in 20 its (avg: 19.2 its/slv, 100% success)
Precon Linear Solve Succeeded: 8.31e-12 drop in 19 its (avg: 19.2 its/slv, 100% success)
   6         263.384            0.100000E-03
Precon Linear Solve Succeeded: 3.89e-12 drop in 20 its (avg: 19.2 its/slv, 100% success)
Precon Linear Solve Succeeded: 3.16e-12 drop in 20 its (avg: 19.3 its/slv, 100% success)
   7         202.654            0.100000E-03
Precon Linear Solve Succeeded: 5.2e-12 drop in 20 its (avg: 19.3 its/slv, 100% success)
Precon Linear Solve Succeeded: 4.07e-12 drop in 20 its (avg: 19.4 its/slv, 100% success)
   8         149.096            0.100000E-03
Precon Linear Solve Succeeded: 6.37e-12 drop in 20 its (avg: 19.4 its/slv, 100% success)
Precon Linear Solve Succeeded: 5.29e-12 drop in 20 its (avg: 19.4 its/slv, 100% success)
   9         106.733            0.100000E-03
Precon Linear Solve Succeeded: 7.48e-12 drop in 20 its (avg: 19.5 its/slv, 100% success)
Precon Linear Solve Succeeded: 6.41e-12 drop in 20 its (avg: 19.5 its/slv, 100% success)
  10         76.0266            0.100000E-03
Precon Linear Solve Succeeded: 8.36e-12 drop in 20 its (avg: 19.5 its/slv, 100% success)
Precon Linear Solve Succeeded: 7.22e-12 drop in 20 its (avg: 19.5 its/slv, 100% success)
  11         54.1761            0.100000E-03
Precon Linear Solve Succeeded: 9.03e-12 drop in 20 its (avg: 19.6 its/slv, 100% success)
Precon Linear Solve Succeeded: 7.78e-12 drop in 20 its (avg: 19.6 its/slv, 100% success)
  12         35.9057            0.100000E-03
Precon Linear Solve Succeeded: 9.46e-12 drop in 20 its (avg: 19.6 its/slv, 100% success)
Precon Linear Solve Succeeded: 8.15e-12 drop in 20 its (avg: 19.6 its/slv, 100% success)
  13         28.4048            0.100000E-03
Precon Linear Solve Succeeded: 9.74e-12 drop in 20 its (avg: 19.6 its/slv, 100% success)
Precon Linear Solve Succeeded: 8.34e-12 drop in 20 its (avg: 19.6 its/slv, 100% success)
  14         32.7821            0.100000E-03
Precon Linear Solve Succeeded: 9.89e-12 drop in 20 its (avg: 19.7 its/slv, 100% success)
Precon Linear Solve Succeeded: 8.53e-12 drop in 20 its (avg: 19.7 its/slv, 100% success)
  15         15.2278            0.100000E-03
Precon Linear Solve Succeeded: 9.98e-12 drop in 20 its (avg: 19.7 its/slv, 100% success)
Precon Linear Solve Succeeded: 8.63e-12 drop in 20 its (avg: 19.7 its/slv, 100% success)
  16         14.3705            0.100000E-03
Precon Linear Solve Succeeded: 3.35e-12 drop in 21 its (avg: 19.7 its/slv, 100% success)
Precon Linear Solve Succeeded: 8.69e-12 drop in 20 its (avg: 19.7 its/slv, 100% success)
  17         5.73419            0.100000E-03
Precon Linear Solve Succeeded: 3.36e-12 drop in 21 its (avg: 19.8 its/slv, 100% success)
Precon Linear Solve Succeeded: 8.73e-12 drop in 20 its (avg: 19.8 its/slv, 100% success)
  18         8.32075            0.100000E-03
Precon Linear Solve Succeeded: 3.37e-12 drop in 21 its (avg: 19.8 its/slv, 100% success)
Precon Linear Solve Succeeded: 8.76e-12 drop in 20 its (avg: 19.8 its/slv, 100% success)
  19         12.4708            0.100000E-03
Precon Linear Solve Succeeded: 3.38e-12 drop in 21 its (avg: 19.8 its/slv, 100% success)
Precon Linear Solve Succeeded: 8.78e-12 drop in 20 its (avg: 19.9 its/slv, 100% success)
  20         5.22015            0.100000E-03
Precon Linear Solve Succeeded: 3.38e-12 drop in 21 its (avg: 19.9 its/slv, 100% success)
Precon Linear Solve Succeeded: 8.79e-12 drop in 20 its (avg: 19.9 its/slv, 100% success)
  21         3.99229            0.100000E-03
Precon Linear Solve Succeeded: 3.38e-12 drop in 21 its (avg: 19.9 its/slv, 100% success)
Precon Linear Solve Succeeded: 8.8e-12 drop in 20 its (avg: 19.9 its/slv, 100% success)
  22         2.26106            0.100000E-03
Precon Linear Solve Succeeded: 3.38e-12 drop in 21 its (avg: 19.9 its/slv, 100% success)
Precon Linear Solve Succeeded: 8.8e-12 drop in 20 its (avg: 19.9 its/slv, 100% success)
  23         1.00620            0.100000E-03
Precon Linear Solve Succeeded: 3.38e-12 drop in 21 its (avg: 20 its/slv, 100% success)
Precon Linear Solve Succeeded: 8.8e-12 drop in 20 its (avg: 20 its/slv, 100% success)
  24         1.22619            0.100000E-03
Precon Linear Solve Succeeded: 3.38e-12 drop in 21 its (avg: 20 its/slv, 100% success)
Precon Linear Solve Succeeded: 8.81e-12 drop in 20 its (avg: 20 its/slv, 100% success)
  25         1.14164            0.100000E-03
Precon Linear Solve Succeeded: 3.38e-12 drop in 21 its (avg: 20 its/slv, 100% success)
Precon Linear Solve Succeeded: 8.81e-12 drop in 20 its (avg: 20 its/slv, 100% success)
  26        0.507534            0.100000E-03
Precon Linear Solve Succeeded: 3.38e-12 drop in 21 its (avg: 20 its/slv, 100% success)
Precon Linear Solve Succeeded: 8.81e-12 drop in 20 its (avg: 20 its/slv, 100% success)
  27        0.697517            0.100000E-03
Precon Linear Solve Succeeded: 3.38e-12 drop in 21 its (avg: 20 its/slv, 100% success)
Precon Linear Solve Succeeded: 8.81e-12 drop in 20 its (avg: 20 its/slv, 100% success)
  28        0.753281            0.100000E-03
Precon Linear Solve Succeeded: 3.38e-12 drop in 21 its (avg: 20.1 its/slv, 100% success)
Precon Linear Solve Succeeded: 8.81e-12 drop in 20 its (avg: 20.1 its/slv, 100% success)
  29        0.998133            0.100000E-03
Precon Linear Solve Succeeded: 3.38e-12 drop in 21 its (avg: 20.1 its/slv, 100% success)
Precon Linear Solve Succeeded: 8.81e-12 drop in 20 its (avg: 20.1 its/slv, 100% success)
  30        0.463398            0.100000E-03
Precon Linear Solve Succeeded: 3.38e-12 drop in 21 its (avg: 20.1 its/slv, 100% success)
Precon Linear Solve Succeeded: 8.81e-12 drop in 20 its (avg: 20.1 its/slv, 100% success)
  31         2.76524            0.100000E-03
Precon Linear Solve Succeeded: 3.38e-12 drop in 21 its (avg: 20.1 its/slv, 100% success)
Precon Linear Solve Succeeded: 8.81e-12 drop in 20 its (avg: 20.1 its/slv, 100% success)
  32         4.41738            0.100000E-03
Precon Linear Solve Succeeded: 3.38e-12 drop in 21 its (avg: 20.1 its/slv, 100% success)
Precon Linear Solve Succeeded: 8.81e-12 drop in 20 its (avg: 20.1 its/slv, 100% success)
  33        0.926042            0.100000E-03
Precon Linear Solve Succeeded: 3.38e-12 drop in 21 its (avg: 20.1 its/slv, 100% success)
Precon Linear Solve Succeeded: 8.81e-12 drop in 20 its (avg: 20.1 its/slv, 100% success)
  34         2.56593            0.100000E-03
Precon Linear Solve Succeeded: 3.38e-12 drop in 21 its (avg: 20.1 its/slv, 100% success)
Precon Linear Solve Succeeded: 8.81e-12 drop in 20 its (avg: 20.1 its/slv, 100% success)
  35         3.86774            0.100000E-03
Precon Linear Solve Succeeded: 3.38e-12 drop in 21 its (avg: 20.1 its/slv, 100% success)
Precon Linear Solve Succeeded: 8.8e-12 drop in 20 its (avg: 20.1 its/slv, 100% success)
  36         5.96003            0.100000E-03
Precon Linear Solve Succeeded: 3.38e-12 drop in 21 its (avg: 20.2 its/slv, 100% success)
Precon Linear Solve Succeeded: 8.81e-12 drop in 20 its (avg: 20.1 its/slv, 100% success)
  37         4.57873            0.100000E-03
Precon Linear Solve Succeeded: 3.38e-12 drop in 21 its (avg: 20.2 its/slv, 100% success)
Precon Linear Solve Succeeded: 8.81e-12 drop in 20 its (avg: 20.2 its/slv, 100% success)
  38        0.762676            0.100000E-03
Precon Linear Solve Succeeded: 3.38e-12 drop in 21 its (avg: 20.2 its/slv, 100% success)
Precon Linear Solve Succeeded: 8.81e-12 drop in 20 its (avg: 20.2 its/slv, 100% success)
  39         4.59318            0.100000E-03
Precon Linear Solve Succeeded: 3.38e-12 drop in 21 its (avg: 20.2 its/slv, 100% success)
Precon Linear Solve Succeeded: 8.81e-12 drop in 20 its (avg: 20.2 its/slv, 100% success)
  40         4.67708            0.100000E-03
Precon Linear Solve Succeeded: 3.38e-12 drop in 21 its (avg: 20.2 its/slv, 100% success)
Precon Linear Solve Succeeded: 8.81e-12 drop in 20 its (avg: 20.2 its/slv, 100% success)
  41         3.02900            0.100000E-03
Precon Linear Solve Succeeded: 3.38e-12 drop in 21 its (avg: 20.2 its/slv, 100% success)
Precon Linear Solve Succeeded: 8.81e-12 drop in 20 its (avg: 20.2 its/slv, 100% success)
  42         1.14216            0.100000E-03
Precon Linear Solve Succeeded: 3.38e-12 drop in 21 its (avg: 20.2 its/slv, 100% success)
Precon Linear Solve Succeeded: 8.81e-12 drop in 20 its (avg: 20.2 its/slv, 100% success)
  43         2.88084            0.100000E-03
Precon Linear Solve Succeeded: 3.38e-12 drop in 21 its (avg: 20.2 its/slv, 100% success)
Precon Linear Solve Succeeded: 8.8e-12 drop in 20 its (avg: 20.2 its/slv, 100% success)
  44         4.03509            0.100000E-03
Precon Linear Solve Succeeded: 3.38e-12 drop in 21 its (avg: 20.2 its/slv, 100% success)
Precon Linear Solve Succeeded: 8.81e-12 drop in 20 its (avg: 20.2 its/slv, 100% success)
  45         4.21332            0.100000E-03
Precon Linear Solve Succeeded: 3.38e-12 drop in 21 its (avg: 20.2 its/slv, 100% success)
Precon Linear Solve Succeeded: 8.81e-12 drop in 20 its (avg: 20.2 its/slv, 100% success)
  46         3.11120            0.100000E-03
Precon Linear Solve Succeeded: 3.38e-12 drop in 21 its (avg: 20.2 its/slv, 100% success)
Precon Linear Solve Succeeded: 8.8e-12 drop in 20 its (avg: 20.2 its/slv, 100% success)
  47         5.63212            0.100000E-03
Precon Linear Solve Succeeded: 3.38e-12 drop in 21 its (avg: 20.2 its/slv, 100% success)
Precon Linear Solve Succeeded: 8.81e-12 drop in 20 its (avg: 20.2 its/slv, 100% success)
  48         5.16102            0.100000E-03
Precon Linear Solve Succeeded: 3.38e-12 drop in 21 its (avg: 20.2 its/slv, 100% success)
Precon Linear Solve Succeeded: 8.81e-12 drop in 20 its (avg: 20.2 its/slv, 100% success)
  49         2.10603            0.100000E-03
Precon Linear Solve Succeeded: 3.38e-12 drop in 21 its (avg: 20.2 its/slv, 100% success)
Precon Linear Solve Succeeded: 8.81e-12 drop in 20 its (avg: 20.2 its/slv, 100% success)
  50        0.493391            0.100000E-03
Precon Linear Solve Succeeded: 3.38e-12 drop in 21 its (avg: 20.2 its/slv, 100% success)
Precon Linear Solve Succeeded: 8.81e-12 drop in 20 its (avg: 20.2 its/slv, 100% success)
  51        0.493502            0.100000E-03
Precon Linear Solve Succeeded: 3.38e-12 drop in 21 its (avg: 20.3 its/slv, 100% success)
Precon Linear Solve Succeeded: 8.81e-12 drop in 20 its (avg: 20.2 its/slv, 100% success)
  52        0.442259            0.100000E-03
Precon Linear Solve Succeeded: 3.38e-12 drop in 21 its (avg: 20.3 its/slv, 100% success)
Precon Linear Solve Succeeded: 8.81e-12 drop in 20 its (avg: 20.3 its/slv, 100% success)
  53        0.443926            0.100000E-03
Precon Linear Solve Succeeded: 3.38e-12 drop in 21 its (avg: 20.3 its/slv, 100% success)
Precon Linear Solve Succeeded: 8.81e-12 drop in 20 its (avg: 20.3 its/slv, 100% success)
  54        0.461154            0.100000E-03
Precon Linear Solve Succeeded: 3.38e-12 drop in 21 its (avg: 20.3 its/slv, 100% success)
Precon Linear Solve Succeeded: 8.81e-12 drop in 20 its (avg: 20.3 its/slv, 100% success)
  55        0.478778            0.100000E-03
Precon Linear Solve Succeeded: 3.38e-12 drop in 21 its (avg: 20.3 its/slv, 100% success)
Precon Linear Solve Succeeded: 8.81e-12 drop in 20 its (avg: 20.3 its/slv, 100% success)
  56        0.510417            0.100000E-03
Precon Linear Solve Succeeded: 3.38e-12 drop in 21 its (avg: 20.3 its/slv, 100% success)
Precon Linear Solve Succeeded: 8.81e-12 drop in 20 its (avg: 20.3 its/slv, 100% success)
  57         1.19127            0.100000E-03
Precon Linear Solve Succeeded: 3.38e-12 drop in 21 its (avg: 20.3 its/slv, 100% success)
Precon Linear Solve Succeeded: 8.81e-12 drop in 20 its (avg: 20.3 its/slv, 100% success)
  58        0.677164            0.100000E-03
Precon Linear Solve Succeeded: 3.38e-12 drop in 21 its (avg: 20.3 its/slv, 100% success)
Precon Linear Solve Succeeded: 8.81e-12 drop in 20 its (avg: 20.3 its/slv, 100% success)
  59         2.41088            0.100000E-03
Precon Linear Solve Succeeded: 3.38e-12 drop in 21 its (avg: 20.3 its/slv, 100% success)
Precon Linear Solve Succeeded: 8.81e-12 drop in 20 its (avg: 20.3 its/slv, 100% success)
  60         2.32370            0.100000E-03
Precon Linear Solve Succeeded: 3.38e-12 drop in 21 its (avg: 20.3 its/slv, 100% success)
Precon Linear Solve Succeeded: 8.81e-12 drop in 20 its (avg: 20.3 its/slv, 100% success)
  61         1.01308            0.100000E-03
Precon Linear Solve Succeeded: 3.39e-12 drop in 21 its (avg: 20.3 its/slv, 100% success)
Precon Linear Solve Succeeded: 8.81e-12 drop in 20 its (avg: 20.3 its/slv, 100% success)
  62         1.67499            0.100000E-03
Precon Linear Solve Succeeded: 3.38e-12 drop in 21 its (avg: 20.3 its/slv, 100% success)
Precon Linear Solve Succeeded: 8.81e-12 drop in 20 its (avg: 20.3 its/slv, 100% success)
  63         5.78346            0.100000E-03
Precon Linear Solve Succeeded: 3.38e-12 drop in 21 its (avg: 20.3 its/slv, 100% success)
Precon Linear Solve Succeeded: 8.81e-12 drop in 20 its (avg: 20.3 its/slv, 100% success)
  64         2.75852            0.100000E-03
Precon Linear Solve Succeeded: 3.38e-12 drop in 21 its (avg: 20.3 its/slv, 100% success)
Precon Linear Solve Succeeded: 8.81e-12 drop in 20 its (avg: 20.3 its/slv, 100% success)
  65         1.93912            0.100000E-03
Precon Linear Solve Succeeded: 3.38e-12 drop in 21 its (avg: 20.3 its/slv, 100% success)
Precon Linear Solve Succeeded: 8.81e-12 drop in 20 its (avg: 20.3 its/slv, 100% success)
  66         3.22048            0.100000E-03
Precon Linear Solve Succeeded: 3.38e-12 drop in 21 its (avg: 20.3 its/slv, 100% success)
Precon Linear Solve Succeeded: 8.81e-12 drop in 20 its (avg: 20.3 its/slv, 100% success)
  67        0.945105            0.100000E-03
Precon Linear Solve Succeeded: 3.38e-12 drop in 21 its (avg: 20.3 its/slv, 100% success)
Precon Linear Solve Succeeded: 8.81e-12 drop in 20 its (avg: 20.3 its/slv, 100% success)
  68        0.581046            0.100000E-03
Precon Linear Solve Succeeded: 3.38e-12 drop in 21 its (avg: 20.3 its/slv, 100% success)
Precon Linear Solve Succeeded: 8.81e-12 drop in 20 its (avg: 20.3 its/slv, 100% success)
  69        0.280452            0.100000E-03
Precon Linear Solve Succeeded: 3.38e-12 drop in 21 its (avg: 20.3 its/slv, 100% success)
Precon Linear Solve Succeeded: 8.81e-12 drop in 20 its (avg: 20.3 its/slv, 100% success)
  70        0.153236            0.100000E-03
Precon Linear Solve Succeeded: 3.38e-12 drop in 21 its (avg: 20.3 its/slv, 100% success)
Precon Linear Solve Succeeded: 8.81e-12 drop in 20 its (avg: 20.3 its/slv, 100% success)
  71        0.169894            0.100000E-03
Precon Linear Solve Succeeded: 3.38e-12 drop in 21 its (avg: 20.3 its/slv, 100% success)
Precon Linear Solve Succeeded: 8.81e-12 drop in 20 its (avg: 20.3 its/slv, 100% success)
  72        0.231879            0.100000E-03
Precon Linear Solve Succeeded: 3.38e-12 drop in 21 its (avg: 20.3 its/slv, 100% success)
Precon Linear Solve Succeeded: 8.81e-12 drop in 20 its (avg: 20.3 its/slv, 100% success)
  73        0.313867            0.100000E-03
Precon Linear Solve Succeeded: 3.38e-12 drop in 21 its (avg: 20.3 its/slv, 100% success)
Precon Linear Solve Succeeded: 8.81e-12 drop in 20 its (avg: 20.3 its/slv, 100% success)
  74        0.418716            0.100000E-03
Precon Linear Solve Succeeded: 3.38e-12 drop in 21 its (avg: 20.3 its/slv, 100% success)
Precon Linear Solve Succeeded: 8.81e-12 drop in 20 its (avg: 20.3 its/slv, 100% success)
  75        0.559577            0.100000E-03
Precon Linear Solve Succeeded: 3.38e-12 drop in 21 its (avg: 20.3 its/slv, 100% success)
Precon Linear Solve Succeeded: 8.81e-12 drop in 20 its (avg: 20.3 its/slv, 100% success)
  76        0.716321            0.100000E-03
Precon Linear Solve Succeeded: 3.38e-12 drop in 21 its (avg: 20.3 its/slv, 100% success)
Precon Linear Solve Succeeded: 8.81e-12 drop in 20 its (avg: 20.3 its/slv, 100% success)
  77        0.958321            0.100000E-03
Precon Linear Solve Succeeded: 3.38e-12 drop in 21 its (avg: 20.3 its/slv, 100% success)
Precon Linear Solve Succeeded: 8.81e-12 drop in 20 its (avg: 20.3 its/slv, 100% success)
  78         1.17129            0.100000E-03
Precon Linear Solve Succeeded: 3.38e-12 drop in 21 its (avg: 20.3 its/slv, 100% success)
Precon Linear Solve Succeeded: 8.81e-12 drop in 20 its (avg: 20.3 its/slv, 100% success)
  79        0.607492            0.100000E-03
Precon Linear Solve Succeeded: 3.38e-12 drop in 21 its (avg: 20.3 its/slv, 100% success)
Precon Linear Solve Succeeded: 8.8e-12 drop in 20 its (avg: 20.3 its/slv, 100% success)
  80         4.56541            0.100000E-03
Precon Linear Solve Succeeded: 3.38e-12 drop in 21 its (avg: 20.3 its/slv, 100% success)
Precon Linear Solve Succeeded: 8.81e-12 drop in 20 its (avg: 20.3 its/slv, 100% success)
  81         4.01773            0.100000E-03
Precon Linear Solve Succeeded: 3.38e-12 drop in 21 its (avg: 20.3 its/slv, 100% success)
Precon Linear Solve Succeeded: 8.81e-12 drop in 20 its (avg: 20.3 its/slv, 100% success)
  82         1.03772            0.100000E-03
Precon Linear Solve Succeeded: 3.38e-12 drop in 21 its (avg: 20.3 its/slv, 100% success)
Precon Linear Solve Succeeded: 8.81e-12 drop in 20 its (avg: 20.3 its/slv, 100% success)
  83         1.37813            0.100000E-03
Precon Linear Solve Succeeded: 3.38e-12 drop in 21 its (avg: 20.3 its/slv, 100% success)
Precon Linear Solve Succeeded: 8.81e-12 drop in 20 its (avg: 20.3 its/slv, 100% success)
  84        0.558980            0.100000E-03
Precon Linear Solve Succeeded: 3.38e-12 drop in 21 its (avg: 20.3 its/slv, 100% success)
Precon Linear Solve Succeeded: 8.81e-12 drop in 20 its (avg: 20.3 its/slv, 100% success)
  85         1.53067            0.100000E-03
Precon Linear Solve Succeeded: 3.38e-12 drop in 21 its (avg: 20.4 its/slv, 100% success)
Precon Linear Solve Succeeded: 8.81e-12 drop in 20 its (avg: 20.3 its/slv, 100% success)
  86         2.66016            0.100000E-03
Precon Linear Solve Succeeded: 3.38e-12 drop in 21 its (avg: 20.4 its/slv, 100% success)
Precon Linear Solve Succeeded: 8.81e-12 drop in 20 its (avg: 20.4 its/slv, 100% success)
  87         1.37187            0.100000E-03
Precon Linear Solve Succeeded: 3.38e-12 drop in 21 its (avg: 20.4 its/slv, 100% success)
Precon Linear Solve Succeeded: 8.81e-12 drop in 20 its (avg: 20.4 its/slv, 100% success)
  88         1.14006            0.100000E-03
Precon Linear Solve Succeeded: 3.38e-12 drop in 21 its (avg: 20.4 its/slv, 100% success)
Precon Linear Solve Succeeded: 8.81e-12 drop in 20 its (avg: 20.4 its/slv, 100% success)
  89        0.938694            0.100000E-03
Precon Linear Solve Succeeded: 3.38e-12 drop in 21 its (avg: 20.4 its/slv, 100% success)
Precon Linear Solve Succeeded: 8.81e-12 drop in 20 its (avg: 20.4 its/slv, 100% success)
  90         1.03955            0.100000E-03
Precon Linear Solve Succeeded: 3.38e-12 drop in 21 its (avg: 20.4 its/slv, 100% success)
Precon Linear Solve Succeeded: 8.81e-12 drop in 20 its (avg: 20.4 its/slv, 100% success)
  91         1.27199            0.100000E-03
Precon Linear Solve Succeeded: 3.38e-12 drop in 21 its (avg: 20.4 its/slv, 100% success)
Precon Linear Solve Succeeded: 8.81e-12 drop in 20 its (avg: 20.4 its/slv, 100% success)
  92         1.08303            0.100000E-03
Precon Linear Solve Succeeded: 3.38e-12 drop in 21 its (avg: 20.4 its/slv, 100% success)
Precon Linear Solve Succeeded: 8.81e-12 drop in 20 its (avg: 20.4 its/slv, 100% success)
  93         1.56756            0.100000E-03
Precon Linear Solve Succeeded: 3.38e-12 drop in 21 its (avg: 20.4 its/slv, 100% success)
Precon Linear Solve Succeeded: 8.81e-12 drop in 20 its (avg: 20.4 its/slv, 100% success)
  94        0.383513            0.100000E-03
Precon Linear Solve Succeeded: 3.38e-12 drop in 21 its (avg: 20.4 its/slv, 100% success)
Precon Linear Solve Succeeded: 8.81e-12 drop in 20 its (avg: 20.4 its/slv, 100% success)
  95         1.25922            0.100000E-03
Precon Linear Solve Succeeded: 3.38e-12 drop in 21 its (avg: 20.4 its/slv, 100% success)
Precon Linear Solve Succeeded: 8.81e-12 drop in 20 its (avg: 20.4 its/slv, 100% success)
  96         1.77287            0.100000E-03
Precon Linear Solve Succeeded: 3.38e-12 drop in 21 its (avg: 20.4 its/slv, 100% success)
Precon Linear Solve Succeeded: 8.81e-12 drop in 20 its (avg: 20.4 its/slv, 100% success)
  97         1.12819            0.100000E-03
Precon Linear Solve Succeeded: 3.38e-12 drop in 21 its (avg: 20.4 its/slv, 100% success)
Precon Linear Solve Succeeded: 8.81e-12 drop in 20 its (avg: 20.4 its/slv, 100% success)
  98        0.765202            0.100000E-03
Precon Linear Solve Succeeded: 3.38e-12 drop in 21 its (avg: 20.4 its/slv, 100% success)
Precon Linear Solve Succeeded: 8.81e-12 drop in 20 its (avg: 20.4 its/slv, 100% success)
  99         1.15791            0.100000E-03
  
 Writing diagnostics to log file, time(yr) =   0.0000000000000000     
 idiag_global, jdiag_global:           1           1
 local rank, i, j:           0           3           3
  
 Compute dH/dt
  
 Compute higher-order ice velocities, time =   1.0000000000000000     
 Using GlobalIDs...

Partition Info in init_trilinos: Total nodes = 225485  Max = 4446  Min = 0  Ave = 1761
  
 Running Payne/Price higher-order dynamics solver
  
 iter #     resid (L2 norm)       target resid
  
Precon Linear Solve Succeeded: 3.84e-12 drop in 21 its (avg: 21 its/slv, 100% success)
Precon Linear Solve Succeeded: 8.58e-12 drop in 20 its (avg: 20.5 its/slv, 100% success)
   1         266.804            0.100000E-03
Precon Linear Solve Succeeded: 3.08e-12 drop in 21 its (avg: 20.7 its/slv, 100% success)
Precon Linear Solve Succeeded: 8.62e-12 drop in 20 its (avg: 20.5 its/slv, 100% success)
   2         57.0710            0.100000E-03
Precon Linear Solve Succeeded: 3.08e-12 drop in 21 its (avg: 20.6 its/slv, 100% success)
Precon Linear Solve Succeeded: 8.63e-12 drop in 20 its (avg: 20.5 its/slv, 100% success)
   3         14.6881            0.100000E-03
Precon Linear Solve Succeeded: 3.07e-12 drop in 21 its (avg: 20.6 its/slv, 100% success)
Precon Linear Solve Succeeded: 8.64e-12 drop in 20 its (avg: 20.5 its/slv, 100% success)
   4         19.5237            0.100000E-03
Precon Linear Solve Succeeded: 3.08e-12 drop in 21 its (avg: 20.6 its/slv, 100% success)
Precon Linear Solve Succeeded: 8.65e-12 drop in 20 its (avg: 20.5 its/slv, 100% success)
   5         10.8551            0.100000E-03
Precon Linear Solve Succeeded: 3.08e-12 drop in 21 its (avg: 20.5 its/slv, 100% success)
Precon Linear Solve Succeeded: 8.66e-12 drop in 20 its (avg: 20.5 its/slv, 100% success)
   6         6.85072            0.100000E-03
Precon Linear Solve Succeeded: 3.08e-12 drop in 21 its (avg: 20.5 its/slv, 100% success)
Precon Linear Solve Succeeded: 8.66e-12 drop in 20 its (avg: 20.5 its/slv, 100% success)
   7         4.57305            0.100000E-03
Precon Linear Solve Succeeded: 3.08e-12 drop in 21 its (avg: 20.5 its/slv, 100% success)
Precon Linear Solve Succeeded: 8.66e-12 drop in 20 its (avg: 20.5 its/slv, 100% success)
   8         3.36668            0.100000E-03
Precon Linear Solve Succeeded: 3.08e-12 drop in 21 its (avg: 20.5 its/slv, 100% success)
Precon Linear Solve Succeeded: 8.66e-12 drop in 20 its (avg: 20.5 its/slv, 100% success)
   9         2.26052            0.100000E-03
Precon Linear Solve Succeeded: 3.08e-12 drop in 21 its (avg: 20.5 its/slv, 100% success)
Precon Linear Solve Succeeded: 8.66e-12 drop in 20 its (avg: 20.5 its/slv, 100% success)
  10         1.56188            0.100000E-03
Precon Linear Solve Succeeded: 3.09e-12 drop in 21 its (avg: 20.5 its/slv, 100% success)
Precon Linear Solve Succeeded: 8.66e-12 drop in 20 its (avg: 20.5 its/slv, 100% success)
  11         1.09746            0.100000E-03
Precon Linear Solve Succeeded: 3.09e-12 drop in 21 its (avg: 20.5 its/slv, 100% success)
Precon Linear Solve Succeeded: 8.67e-12 drop in 20 its (avg: 20.5 its/slv, 100% success)
  12        0.775313            0.100000E-03
Precon Linear Solve Succeeded: 3.09e-12 drop in 21 its (avg: 20.5 its/slv, 100% success)
Precon Linear Solve Succeeded: 8.67e-12 drop in 20 its (avg: 20.5 its/slv, 100% success)
  13        0.549430            0.100000E-03
Precon Linear Solve Succeeded: 3.09e-12 drop in 21 its (avg: 20.5 its/slv, 100% success)
Precon Linear Solve Succeeded: 8.67e-12 drop in 20 its (avg: 20.5 its/slv, 100% success)
  14        0.389686            0.100000E-03
Precon Linear Solve Succeeded: 3.09e-12 drop in 21 its (avg: 20.5 its/slv, 100% success)
Precon Linear Solve Succeeded: 8.67e-12 drop in 20 its (avg: 20.5 its/slv, 100% success)
  15        0.276486            0.100000E-03
Precon Linear Solve Succeeded: 3.09e-12 drop in 21 its (avg: 20.5 its/slv, 100% success)
Precon Linear Solve Succeeded: 8.67e-12 drop in 20 its (avg: 20.5 its/slv, 100% success)
  16        0.196387            0.100000E-03
Precon Linear Solve Succeeded: 3.09e-12 drop in 21 its (avg: 20.5 its/slv, 100% success)
Precon Linear Solve Succeeded: 8.67e-12 drop in 20 its (avg: 20.5 its/slv, 100% success)
  17        0.139856            0.100000E-03
Precon Linear Solve Succeeded: 3.09e-12 drop in 21 its (avg: 20.5 its/slv, 100% success)
Precon Linear Solve Succeeded: 8.67e-12 drop in 20 its (avg: 20.5 its/slv, 100% success)
  18        0.100102            0.100000E-03
Precon Linear Solve Succeeded: 3.09e-12 drop in 21 its (avg: 20.5 its/slv, 100% success)
Precon Linear Solve Succeeded: 8.67e-12 drop in 20 its (avg: 20.5 its/slv, 100% success)
  19        0.722915E-01        0.100000E-03
Precon Linear Solve Succeeded: 3.09e-12 drop in 21 its (avg: 20.5 its/slv, 100% success)
Precon Linear Solve Succeeded: 8.67e-12 drop in 20 its (avg: 20.5 its/slv, 100% success)
  20        0.529699E-01        0.100000E-03
Precon Linear Solve Succeeded: 3.09e-12 drop in 21 its (avg: 20.5 its/slv, 100% success)
Precon Linear Solve Succeeded: 8.67e-12 drop in 20 its (avg: 20.5 its/slv, 100% success)
  21        0.396538E-01        0.100000E-03
Precon Linear Solve Succeeded: 3.09e-12 drop in 21 its (avg: 20.5 its/slv, 100% success)
Precon Linear Solve Succeeded: 8.67e-12 drop in 20 its (avg: 20.5 its/slv, 100% success)
  22        0.305379E-01        0.100000E-03
Precon Linear Solve Succeeded: 3.09e-12 drop in 21 its (avg: 20.5 its/slv, 100% success)
Precon Linear Solve Succeeded: 8.67e-12 drop in 20 its (avg: 20.5 its/slv, 100% success)
  23        0.243002E-01        0.100000E-03
Precon Linear Solve Succeeded: 3.09e-12 drop in 21 its (avg: 20.5 its/slv, 100% success)
Precon Linear Solve Succeeded: 8.67e-12 drop in 20 its (avg: 20.5 its/slv, 100% success)
  24        0.199787E-01        0.100000E-03
Precon Linear Solve Succeeded: 3.09e-12 drop in 21 its (avg: 20.5 its/slv, 100% success)
Precon Linear Solve Succeeded: 8.67e-12 drop in 20 its (avg: 20.5 its/slv, 100% success)
  25        0.168942E-01        0.100000E-03
Precon Linear Solve Succeeded: 3.09e-12 drop in 21 its (avg: 20.5 its/slv, 100% success)
Precon Linear Solve Succeeded: 8.67e-12 drop in 20 its (avg: 20.5 its/slv, 100% success)
  26        0.145914E-01        0.100000E-03
Precon Linear Solve Succeeded: 3.09e-12 drop in 21 its (avg: 20.5 its/slv, 100% success)
Precon Linear Solve Succeeded: 8.67e-12 drop in 20 its (avg: 20.5 its/slv, 100% success)
  27        0.127817E-01        0.100000E-03
Precon Linear Solve Succeeded: 3.09e-12 drop in 21 its (avg: 20.5 its/slv, 100% success)
Precon Linear Solve Succeeded: 8.67e-12 drop in 20 its (avg: 20.5 its/slv, 100% success)
  28        0.112914E-01        0.100000E-03
Precon Linear Solve Succeeded: 3.09e-12 drop in 21 its (avg: 20.5 its/slv, 100% success)
Precon Linear Solve Succeeded: 8.67e-12 drop in 20 its (avg: 20.5 its/slv, 100% success)
  29        0.100190E-01        0.100000E-03
Precon Linear Solve Succeeded: 3.09e-12 drop in 21 its (avg: 20.5 its/slv, 100% success)
Precon Linear Solve Succeeded: 8.67e-12 drop in 20 its (avg: 20.5 its/slv, 100% success)
  30        0.890631E-02        0.100000E-03
Precon Linear Solve Succeeded: 3.09e-12 drop in 21 its (avg: 20.5 its/slv, 100% success)
Precon Linear Solve Succeeded: 8.67e-12 drop in 20 its (avg: 20.5 its/slv, 100% success)
  31        0.791915E-02        0.100000E-03
Precon Linear Solve Succeeded: 3.09e-12 drop in 21 its (avg: 20.5 its/slv, 100% success)
Precon Linear Solve Succeeded: 8.67e-12 drop in 20 its (avg: 20.5 its/slv, 100% success)
  32        0.703679E-02        0.100000E-03
Precon Linear Solve Succeeded: 3.09e-12 drop in 21 its (avg: 20.5 its/slv, 100% success)
Precon Linear Solve Succeeded: 8.67e-12 drop in 20 its (avg: 20.5 its/slv, 100% success)
  33        0.624562E-02        0.100000E-03
Precon Linear Solve Succeeded: 3.09e-12 drop in 21 its (avg: 20.5 its/slv, 100% success)
Precon Linear Solve Succeeded: 8.67e-12 drop in 20 its (avg: 20.5 its/slv, 100% success)
  34        0.553583E-02        0.100000E-03
Precon Linear Solve Succeeded: 3.09e-12 drop in 21 its (avg: 20.5 its/slv, 100% success)
Precon Linear Solve Succeeded: 8.67e-12 drop in 20 its (avg: 20.5 its/slv, 100% success)
  35        0.489961E-02        0.100000E-03
Precon Linear Solve Succeeded: 3.09e-12 drop in 21 its (avg: 20.5 its/slv, 100% success)
Precon Linear Solve Succeeded: 8.67e-12 drop in 20 its (avg: 20.5 its/slv, 100% success)
  36        0.433028E-02        0.100000E-03
Precon Linear Solve Succeeded: 3.09e-12 drop in 21 its (avg: 20.5 its/slv, 100% success)
Precon Linear Solve Succeeded: 8.67e-12 drop in 20 its (avg: 20.5 its/slv, 100% success)
  37        0.382184E-02        0.100000E-03
Precon Linear Solve Succeeded: 3.09e-12 drop in 21 its (avg: 20.5 its/slv, 100% success)
Precon Linear Solve Succeeded: 8.67e-12 drop in 20 its (avg: 20.5 its/slv, 100% success)
  38        0.336871E-02        0.100000E-03
Precon Linear Solve Succeeded: 3.09e-12 drop in 21 its (avg: 20.5 its/slv, 100% success)
Precon Linear Solve Succeeded: 8.67e-12 drop in 20 its (avg: 20.5 its/slv, 100% success)
  39        0.296574E-02        0.100000E-03
Precon Linear Solve Succeeded: 3.09e-12 drop in 21 its (avg: 20.5 its/slv, 100% success)
Precon Linear Solve Succeeded: 8.67e-12 drop in 20 its (avg: 20.5 its/slv, 100% success)
  40        0.260807E-02        0.100000E-03
Precon Linear Solve Succeeded: 3.09e-12 drop in 21 its (avg: 20.5 its/slv, 100% success)
Precon Linear Solve Succeeded: 8.67e-12 drop in 20 its (avg: 20.5 its/slv, 100% success)
  41        0.229122E-02        0.100000E-03
Precon Linear Solve Succeeded: 3.09e-12 drop in 21 its (avg: 20.5 its/slv, 100% success)
Precon Linear Solve Succeeded: 8.67e-12 drop in 20 its (avg: 20.5 its/slv, 100% success)
  42        0.201100E-02        0.100000E-03
Precon Linear Solve Succeeded: 3.09e-12 drop in 21 its (avg: 20.5 its/slv, 100% success)
Precon Linear Solve Succeeded: 8.67e-12 drop in 20 its (avg: 20.5 its/slv, 100% success)
  43        0.176356E-02        0.100000E-03
Precon Linear Solve Succeeded: 3.09e-12 drop in 21 its (avg: 20.5 its/slv, 100% success)
Precon Linear Solve Succeeded: 8.67e-12 drop in 20 its (avg: 20.5 its/slv, 100% success)
  44        0.154540E-02        0.100000E-03
Precon Linear Solve Succeeded: 3.09e-12 drop in 21 its (avg: 20.5 its/slv, 100% success)
Precon Linear Solve Succeeded: 8.67e-12 drop in 20 its (avg: 20.5 its/slv, 100% success)
  45        0.135328E-02        0.100000E-03
Precon Linear Solve Succeeded: 3.09e-12 drop in 21 its (avg: 20.5 its/slv, 100% success)
Precon Linear Solve Succeeded: 8.67e-12 drop in 20 its (avg: 20.5 its/slv, 100% success)
  46        0.118431E-02        0.100000E-03
Precon Linear Solve Succeeded: 3.09e-12 drop in 21 its (avg: 20.5 its/slv, 100% success)
Precon Linear Solve Succeeded: 8.67e-12 drop in 20 its (avg: 20.5 its/slv, 100% success)
  47        0.103586E-02        0.100000E-03
Precon Linear Solve Succeeded: 3.09e-12 drop in 21 its (avg: 20.5 its/slv, 100% success)
Precon Linear Solve Succeeded: 8.67e-12 drop in 20 its (avg: 20.5 its/slv, 100% success)
  48        0.905545E-03        0.100000E-03
Precon Linear Solve Succeeded: 3.09e-12 drop in 21 its (avg: 20.5 its/slv, 100% success)
Precon Linear Solve Succeeded: 8.67e-12 drop in 20 its (avg: 20.5 its/slv, 100% success)
  49        0.791265E-03        0.100000E-03
Precon Linear Solve Succeeded: 3.09e-12 drop in 21 its (avg: 20.5 its/slv, 100% success)
Precon Linear Solve Succeeded: 8.67e-12 drop in 20 its (avg: 20.5 its/slv, 100% success)
  50        0.691119E-03        0.100000E-03
Precon Linear Solve Succeeded: 3.09e-12 drop in 21 its (avg: 20.5 its/slv, 100% success)
Precon Linear Solve Succeeded: 8.67e-12 drop in 20 its (avg: 20.5 its/slv, 100% success)
  51        0.603422E-03        0.100000E-03
Precon Linear Solve Succeeded: 3.09e-12 drop in 21 its (avg: 20.5 its/slv, 100% success)
Precon Linear Solve Succeeded: 8.67e-12 drop in 20 its (avg: 20.5 its/slv, 100% success)
  52        0.526675E-03        0.100000E-03
Precon Linear Solve Succeeded: 3.09e-12 drop in 21 its (avg: 20.5 its/slv, 100% success)
Precon Linear Solve Succeeded: 8.67e-12 drop in 20 its (avg: 20.5 its/slv, 100% success)
  53        0.459550E-03        0.100000E-03
Precon Linear Solve Succeeded: 3.09e-12 drop in 21 its (avg: 20.5 its/slv, 100% success)
Precon Linear Solve Succeeded: 8.67e-12 drop in 20 its (avg: 20.5 its/slv, 100% success)
  54        0.400870E-03        0.100000E-03
Precon Linear Solve Succeeded: 3.09e-12 drop in 21 its (avg: 20.5 its/slv, 100% success)
Precon Linear Solve Succeeded: 8.67e-12 drop in 20 its (avg: 20.5 its/slv, 100% success)
  55        0.349596E-03        0.100000E-03
Precon Linear Solve Succeeded: 3.09e-12 drop in 21 its (avg: 20.5 its/slv, 100% success)
Precon Linear Solve Succeeded: 8.67e-12 drop in 20 its (avg: 20.5 its/slv, 100% success)
  56        0.304813E-03        0.100000E-03
Precon Linear Solve Succeeded: 3.09e-12 drop in 21 its (avg: 20.5 its/slv, 100% success)
Precon Linear Solve Succeeded: 8.67e-12 drop in 20 its (avg: 20.5 its/slv, 100% success)
  57        0.265713E-03        0.100000E-03
Precon Linear Solve Succeeded: 3.09e-12 drop in 21 its (avg: 20.5 its/slv, 100% success)
Precon Linear Solve Succeeded: 8.67e-12 drop in 20 its (avg: 20.5 its/slv, 100% success)
  58        0.231587E-03        0.100000E-03
Precon Linear Solve Succeeded: 3.09e-12 drop in 21 its (avg: 20.5 its/slv, 100% success)
Precon Linear Solve Succeeded: 8.67e-12 drop in 20 its (avg: 20.5 its/slv, 100% success)
  59        0.201811E-03        0.100000E-03
Precon Linear Solve Succeeded: 3.09e-12 drop in 21 its (avg: 20.5 its/slv, 100% success)
Precon Linear Solve Succeeded: 8.67e-12 drop in 20 its (avg: 20.5 its/slv, 100% success)
  60        0.175838E-03        0.100000E-03
Precon Linear Solve Succeeded: 3.09e-12 drop in 21 its (avg: 20.5 its/slv, 100% success)
Precon Linear Solve Succeeded: 8.67e-12 drop in 20 its (avg: 20.5 its/slv, 100% success)
  61        0.153188E-03        0.100000E-03
Precon Linear Solve Succeeded: 3.09e-12 drop in 21 its (avg: 20.5 its/slv, 100% success)
Precon Linear Solve Succeeded: 8.67e-12 drop in 20 its (avg: 20.5 its/slv, 100% success)
  62        0.133440E-03        0.100000E-03
Precon Linear Solve Succeeded: 3.09e-12 drop in 21 its (avg: 20.5 its/slv, 100% success)
Precon Linear Solve Succeeded: 8.67e-12 drop in 20 its (avg: 20.5 its/slv, 100% success)
  63        0.116225E-03        0.100000E-03
Precon Linear Solve Succeeded: 3.09e-12 drop in 21 its (avg: 20.5 its/slv, 100% success)
Precon Linear Solve Succeeded: 8.67e-12 drop in 20 its (avg: 20.5 its/slv, 100% success)
  64        0.101221E-03        0.100000E-03
Precon Linear Solve Succeeded: 3.09e-12 drop in 21 its (avg: 20.5 its/slv, 100% success)
Precon Linear Solve Succeeded: 8.67e-12 drop in 20 its (avg: 20.5 its/slv, 100% success)
  65        0.881470E-04        0.100000E-03
Precon Linear Solve Succeeded: 3.09e-12 drop in 21 its (avg: 20.5 its/slv, 100% success)
Precon Linear Solve Succeeded: 8.67e-12 drop in 20 its (avg: 20.5 its/slv, 100% success)
  66        0.767557E-04        0.100000E-03
Application 14237112 resources: utime ~6037s, stime ~48s Rss ~34216 inblocks ~276969 outblocks ~649305
