 Process             0  Total =             1  ewtasks =             1 
  nstasks =             1
 Process             0  ewrank =             0  nsrank =             0
 Process             0  l_ewn =           154  o_ewn =           150
 Process             0  l_nsn =           284  o_nsn =           280
 Process             0  ewlb =            -1  ewub =           152
 Process             0  nslb =            -1  nsub =           282
 Process             0  east =             0  west =             0
 Process             0  north =             0  south =             0
 Process             0  ew_vars =           150  ns_vars =           280
 Using a dummy file for serial building. Horizontal BCs are not being enforced!
Printed from line:    59
  
 Compute higher-order ice velocities, time =    0.000000000000000     
  
 Running Payne/Price higher-order dynamics with JFNK solver
 L2 w/ghost (k)=             1    408.3147765899566      
    408.3147765899573     
 L2 w/ghost (k)=             2    406.4238189348553      
    406.4238189348485     
 L2 w/ghost (k)=             3    395.1709912668167      
    395.1709912668152     
 L2 w/ghost (k)=             4    349.1237974480471      
    349.1237974480470     
 L2 w/ghost (k)=             5    252.5047578548021      
    252.5047578548011     
 L2 w/ghost (k)=             6    131.4663469630339      
    131.4663469630327     
 L2 w/ghost (k)=             7    43.00101229721733      
    43.00101229721734     
 L2 w/ghost (k)=             8    18.69722982131514      
    18.69722982131519     
 L2 w/ghost (k)=             9    25.92223219975183      
    25.92223219975188     
 L2 w/ghost (k)=            10    15.79423377175970      
    15.79423377175969     
 L2 w/ghost (k)=            11    16.62790471471292      
    16.62790471471290     
 L2 w/ghost (k)=            12    3.549235407961322      
    3.549235407961359     
 L2 w/ghost (k)=            13   0.8158566743887221      
   0.8158566743887293     
 L2 w/ghost (k)=            14   6.0142317913000981E-002 
   6.0142317913001127E-002
 L2 w/ghost (k)=            15   6.2863194010897953E-004 
   6.2863194010899471E-004
 L2 w/ghost (k)=            16   5.3106486293081122E-006 
   5.3106486293081198E-006
  
 Writing diagnostics to log file, time(yr) =    0.000000000000000     
 idiag_global, jdiag_global:            1            1
 local rank, i, j:            0            3            3
  
 Compute dH/dt
  
 Compute higher-order ice velocities, time =    1.000000000000000     
  
 Running Payne/Price higher-order dynamics with JFNK solver
 L2 w/ghost (k)=             1    164.5808805762155      
    132.7498409836371     
 L2 w/ghost (k)=             2    175.9518770598416      
    144.8651999178423     
 L2 w/ghost (k)=             3    75.19936144816180      
    62.33591920450117     
 L2 w/ghost (k)=             4    150.5165547378300      
    120.8426278626597     
 L2 w/ghost (k)=             5    243.2611051654436      
    96.07685629554692     
 L2 w/ghost (k)=             6    36.67608661445921      
    34.29723335151873     
 L2 w/ghost (k)=             7    87.48770469841480      
    76.29071336993825     
 L2 w/ghost (k)=             8    90.68686895603501      
    68.85848240600970     
 L2 w/ghost (k)=             9    60.74401730173436      
    44.78108031076626     
 L2 w/ghost (k)=            10    49.10097870681342      
    27.22871835661891     
 L2 w/ghost (k)=            11    20.52153047072818      
    9.261281423788692     
 L2 w/ghost (k)=            12    9.950730874711448      
    3.318732331189931     
 L2 w/ghost (k)=            13    1.380876624515558      
   0.7954085972426480     
 L2 w/ghost (k)=            14   6.1296200407418559E-002 
   4.2714745481444820E-002
 L2 w/ghost (k)=            15   3.3078692799563760E-004 
   2.9975070606304467E-004
 L2 w/ghost (k)=            16   3.2109396030450052E-006 
   2.8637408447515555E-006
Application 14236662 resources: utime ~486s, stime ~9s Rss ~523916 inblocks ~84478 outblocks ~149567
