 Process            1  Total =            2  ewtasks =            1  nstasks =            2
 Process            1  ewrank =            0  nsrank =            1
 Process            1  l_ewn =           47  o_ewn =           43
 Process            1  l_nsn =           26  o_nsn =           22
 Process            1  ewlb =           -1  ewub =           45
 Process            1  nslb =           21  nsub =           46
 Process            1  east =            1  west =            1
 Process            1  north =            0  south =            0
 Process            1  ew_vars =           43  ns_vars =           22
 Process            0  Total =            2  ewtasks =            1  nstasks =            2
 Process            0  ewrank =            0  nsrank =            0
 Process            0  l_ewn =           47  o_ewn =           43
 Process            0  l_nsn =           26  o_nsn =           22
 Process            0  ewlb =           -1  ewub =           45
 Process            0  nslb =           -1  nsub =           24
 Process            0  east =            0  west =            0
 Process            0  north =            1  south =            1
 Process            0  ew_vars =           43  ns_vars =           22
 Layout(EW,NS) =           43          22  total procs =            2
  
 Compute higher-order ice velocities, time =   0.0000000000000000     
 Using GlobalIDs...

Partition Info in init_trilinos: Total nodes = 10920  Max = 5600  Min = 5320  Ave = 5460
  
 Running Payne/Price higher-order dynamics with JFNK solver
NOXINIT CALLED    for nelem=10640
NOXInit: param list is: (delete this debug line)
Jacobian Operator = Matrix-Free   [unused]
Matrix-Free Perturbation = 0.0001   [unused]
Lean Matrix Free = 1   [unused]
NOX -> 
 Nonlinear Solver = Line Search Based   [unused]
 Direction -> 
  Method = Newton   [unused]
  Newton -> 
   Forcing Term Method = Type 2   [unused]
   Rescue Bad Newton Solve = 1   [unused]
   Stratimikos Linear Solver -> 
    NOX Stratimikos Options -> 
     [empty list]
    Stratimikos -> 
     Linear Solver Type = Belos   [unused]
     Preconditioner Type = None   [unused]
     Linear Solver Types -> 
      Belos -> 
       Solver Type = Block GMRES   [unused]
       Solver Types -> 
        Block GMRES -> 
         Convergence Tolerance = 0.0001   [unused]
         Output Frequency = 1   [unused]
         Output Style = 1   [unused]
         Verbosity = 33   [unused]
         Maximum Iterations = 100   [unused]
         Block Size = 1   [unused]
         Num Blocks = 100   [unused]
         Flexible Gmres = 1   [unused]
 Line Search -> 
  [empty list]
 Printing -> 
  Output Information -> 
   Error = 1   [unused]
   Warning = 1   [unused]
   Outer Iteration = 1   [unused]
   Parameters = 0   [unused]
   Details = 0   [unused]
   Linear Solver Details = 0   [unused]
 Status Tests -> 
  Test Type = Combo   [unused]
  Combo Type = OR   [unused]
  Number of Tests = 2   [unused]
  Test 0 -> 
   Test Type = NormF   [unused]
   Tolerance = 0.0001   [unused]
  Test 1 -> 
   Test Type = MaxIters   [unused]
   Maximum Iterations = 30   [unused]

NOXSolve called

************************************************************************
-- Nonlinear Solver Step 0 -- 
||F|| = 1.925e-01  step = 0.000e+00  dx = 0.000e+00
************************************************************************

 Precon Linear Solve Succeeded: 8.31e-09 drop in 116 its (avg: 116 its/slv, 100% success)
 Precon Linear Solve Succeeded: 7.74e-09 drop in 93 its (avg: 104 its/slv, 100% success)
 Precon Linear Solve Succeeded: 8.72e-09 drop in 106 its (avg: 105 its/slv, 100% success)
 Precon Linear Solve Succeeded: 8.51e-09 drop in 92 its (avg: 102 its/slv, 100% success)
 Precon Linear Solve Succeeded: 7.65e-09 drop in 107 its (avg: 103 its/slv, 100% success)
 Precon Linear Solve Succeeded: 8.13e-09 drop in 88 its (avg: 100 its/slv, 100% success)
 Precon Linear Solve Succeeded: 8.67e-09 drop in 112 its (avg: 102 its/slv, 100% success)
 Precon Linear Solve Succeeded: 9.72e-09 drop in 90 its (avg: 100 its/slv, 100% success)
 Precon Linear Solve Succeeded: 9.4e-09 drop in 105 its (avg: 101 its/slv, 100% success)
 Precon Linear Solve Succeeded: 7.64e-09 drop in 88 its (avg: 99.7 its/slv, 100% success)
 Precon Linear Solve Succeeded: 8.89e-09 drop in 108 its (avg: 100 its/slv, 100% success)
 Precon Linear Solve Succeeded: 9.45e-09 drop in 88 its (avg: 99.4 its/slv, 100% success)
 Precon Linear Solve Succeeded: 7.79e-09 drop in 106 its (avg: 99.9 its/slv, 100% success)
 Precon Linear Solve Succeeded: 7.67e-09 drop in 89 its (avg: 99.1 its/slv, 100% success)
 Precon Linear Solve Succeeded: 9.81e-09 drop in 107 its (avg: 99.7 its/slv, 100% success)
 Precon Linear Solve Succeeded: 7.97e-09 drop in 88 its (avg: 98.9 its/slv, 100% success)
 Precon Linear Solve Succeeded: 8.49e-09 drop in 108 its (avg: 99.5 its/slv, 100% success)
 Precon Linear Solve Succeeded: 9.8e-09 drop in 88 its (avg: 98.8 its/slv, 100% success)
 
 The Belos solver of type "Belos::BlockGmresSolMgr<...,double>{Variant='Flexible', Ortho Type='DGKS', Block Size=1, Num Blocks=100, Max Restarts=20}" returned a solve status of "SOLVE_STATUS_CONVERGED" in 9 iterations with total CPU time of 6.79507 sec

************************************************************************
-- Nonlinear Solver Step 1 -- 
||F|| = 1.917e-01  step = 1.000e+00  dx = 1.020e-05
************************************************************************

 Precon Linear Solve Succeeded: 6.83e-09 drop in 117 its (avg: 99.8 its/slv, 100% success)
 Precon Linear Solve Succeeded: 9.22e-09 drop in 95 its (avg: 99.5 its/slv, 100% success)
 Precon Linear Solve Succeeded: 9.7e-09 drop in 107 its (avg: 99.9 its/slv, 100% success)
 Precon Linear Solve Succeeded: 8.25e-09 drop in 95 its (avg: 99.7 its/slv, 100% success)
 Precon Linear Solve Succeeded: 9.84e-09 drop in 105 its (avg: 99.9 its/slv, 100% success)
 Precon Linear Solve Succeeded: 9.18e-09 drop in 94 its (avg: 99.7 its/slv, 100% success)
 Precon Linear Solve Succeeded: 7.13e-09 drop in 108 its (avg: 100 its/slv, 100% success)
 Precon Linear Solve Succeeded: 8.46e-09 drop in 95 its (avg: 99.8 its/slv, 100% success)
 Precon Linear Solve Succeeded: 7.91e-09 drop in 105 its (avg: 100 its/slv, 100% success)
 Precon Linear Solve Succeeded: 9.13e-09 drop in 91 its (avg: 99.7 its/slv, 100% success)
 
 The Belos solver of type "Belos::BlockGmresSolMgr<...,double>{Variant='Flexible', Ortho Type='DGKS', Block Size=1, Num Blocks=100, Max Restarts=20}" returned a solve status of "SOLVE_STATUS_CONVERGED" in 5 iterations with total CPU time of 3.93047 sec

************************************************************************
-- Nonlinear Solver Step 2 -- 
||F|| = 1.884e-01  step = 1.000e+00  dx = 1.228e-03
************************************************************************

 Precon Linear Solve Succeeded: 9.77e-09 drop in 115 its (avg: 100 its/slv, 100% success)
 Precon Linear Solve Succeeded: 9.96e-09 drop in 94 its (avg: 100 its/slv, 100% success)
 Precon Linear Solve Succeeded: 9.3e-09 drop in 109 its (avg: 100 its/slv, 100% success)
 Precon Linear Solve Succeeded: 8.07e-09 drop in 97 its (avg: 100 its/slv, 100% success)
 Precon Linear Solve Succeeded: 8.24e-09 drop in 105 its (avg: 100 its/slv, 100% success)
 Precon Linear Solve Succeeded: 8.01e-09 drop in 92 its (avg: 100 its/slv, 100% success)
 Precon Linear Solve Succeeded: 9.42e-09 drop in 107 its (avg: 100 its/slv, 100% success)
 Precon Linear Solve Succeeded: 9.1e-09 drop in 94 its (avg: 100 its/slv, 100% success)
 Precon Linear Solve Succeeded: 9.88e-09 drop in 104 its (avg: 100 its/slv, 100% success)
 Precon Linear Solve Succeeded: 7.96e-09 drop in 92 its (avg: 100 its/slv, 100% success)
 
 The Belos solver of type "Belos::BlockGmresSolMgr<...,double>{Variant='Flexible', Ortho Type='DGKS', Block Size=1, Num Blocks=100, Max Restarts=20}" returned a solve status of "SOLVE_STATUS_CONVERGED" in 5 iterations with total CPU time of 3.91264 sec

************************************************************************
-- Nonlinear Solver Step 3 -- 
||F|| = 1.791e-01  step = 1.000e+00  dx = 3.630e-02
************************************************************************

 Precon Linear Solve Succeeded: 8.25e-09 drop in 115 its (avg: 100 its/slv, 100% success)
 Precon Linear Solve Succeeded: 9e-09 drop in 94 its (avg: 100 its/slv, 100% success)
 Precon Linear Solve Succeeded: 8.51e-09 drop in 110 its (avg: 100 its/slv, 100% success)
 Precon Linear Solve Succeeded: 9.12e-09 drop in 97 its (avg: 100 its/slv, 100% success)
 Precon Linear Solve Succeeded: 7.12e-09 drop in 105 its (avg: 100 its/slv, 100% success)
 Precon Linear Solve Succeeded: 9.18e-09 drop in 91 its (avg: 100 its/slv, 100% success)
 Precon Linear Solve Succeeded: 8e-09 drop in 107 its (avg: 100 its/slv, 100% success)
 Precon Linear Solve Succeeded: 8.98e-09 drop in 90 its (avg: 100 its/slv, 100% success)
 Precon Linear Solve Succeeded: 9.23e-09 drop in 103 its (avg: 100 its/slv, 100% success)
 Precon Linear Solve Succeeded: 9.96e-09 drop in 90 its (avg: 100 its/slv, 100% success)
 
 The Belos solver of type "Belos::BlockGmresSolMgr<...,double>{Variant='Flexible', Ortho Type='DGKS', Block Size=1, Num Blocks=100, Max Restarts=20}" returned a solve status of "SOLVE_STATUS_CONVERGED" in 5 iterations with total CPU time of 3.84835 sec

************************************************************************
-- Nonlinear Solver Step 4 -- 
||F|| = 1.627e-01  step = 1.000e+00  dx = 4.089e-01
************************************************************************

 Precon Linear Solve Succeeded: 7.35e-09 drop in 115 its (avg: 100 its/slv, 100% success)
 Precon Linear Solve Succeeded: 8.18e-09 drop in 94 its (avg: 100 its/slv, 100% success)
 Precon Linear Solve Succeeded: 9.77e-09 drop in 110 its (avg: 100 its/slv, 100% success)
 Precon Linear Solve Succeeded: 8.81e-09 drop in 97 its (avg: 100 its/slv, 100% success)
 Precon Linear Solve Succeeded: 9.62e-09 drop in 104 its (avg: 100 its/slv, 100% success)
 Precon Linear Solve Succeeded: 9.22e-09 drop in 93 its (avg: 100 its/slv, 100% success)
 Precon Linear Solve Succeeded: 7.61e-09 drop in 108 its (avg: 100 its/slv, 100% success)
 Precon Linear Solve Succeeded: 9.17e-09 drop in 95 its (avg: 100 its/slv, 100% success)
 Precon Linear Solve Succeeded: 9.91e-09 drop in 105 its (avg: 100 its/slv, 100% success)
 Precon Linear Solve Succeeded: 8e-09 drop in 92 its (avg: 100 its/slv, 100% success)
 Precon Linear Solve Succeeded: 8.99e-09 drop in 108 its (avg: 100 its/slv, 100% success)
 Precon Linear Solve Succeeded: 7.79e-09 drop in 94 its (avg: 100 its/slv, 100% success)
 
 The Belos solver of type "Belos::BlockGmresSolMgr<...,double>{Variant='Flexible', Ortho Type='DGKS', Block Size=1, Num Blocks=100, Max Restarts=20}" returned a solve status of "SOLVE_STATUS_CONVERGED" in 6 iterations with total CPU time of 4.68794 sec

************************************************************************
-- Nonlinear Solver Step 5 -- 
||F|| = 1.279e-01  step = 1.000e+00  dx = 4.716e+00
************************************************************************

 Precon Linear Solve Succeeded: 9.14e-09 drop in 114 its (avg: 101 its/slv, 100% success)
 Precon Linear Solve Succeeded: 9.72e-09 drop in 93 its (avg: 100 its/slv, 100% success)
 Precon Linear Solve Succeeded: 9.58e-09 drop in 110 its (avg: 101 its/slv, 100% success)
 Precon Linear Solve Succeeded: 8.21e-09 drop in 97 its (avg: 100 its/slv, 100% success)
 Precon Linear Solve Succeeded: 7.92e-09 drop in 105 its (avg: 101 its/slv, 100% success)
 Precon Linear Solve Succeeded: 7.75e-09 drop in 94 its (avg: 100 its/slv, 100% success)
 Precon Linear Solve Succeeded: 9.93e-09 drop in 108 its (avg: 101 its/slv, 100% success)
 Precon Linear Solve Succeeded: 9.88e-09 drop in 95 its (avg: 100 its/slv, 100% success)
 Precon Linear Solve Succeeded: 8.45e-09 drop in 107 its (avg: 101 its/slv, 100% success)
 Precon Linear Solve Succeeded: 8.38e-09 drop in 93 its (avg: 100 its/slv, 100% success)
 Precon Linear Solve Succeeded: 9.71e-09 drop in 111 its (avg: 101 its/slv, 100% success)
 Precon Linear Solve Succeeded: 7.93e-09 drop in 94 its (avg: 101 its/slv, 100% success)
 
 The Belos solver of type "Belos::BlockGmresSolMgr<...,double>{Variant='Flexible', Ortho Type='DGKS', Block Size=1, Num Blocks=100, Max Restarts=20}" returned a solve status of "SOLVE_STATUS_CONVERGED" in 6 iterations with total CPU time of 4.76864 sec

************************************************************************
-- Nonlinear Solver Step 6 -- 
||F|| = 8.662e-02  step = 1.000e+00  dx = 1.874e+01
************************************************************************

 Precon Linear Solve Succeeded: 9.31e-09 drop in 113 its (avg: 101 its/slv, 100% success)
 Precon Linear Solve Succeeded: 8.53e-09 drop in 93 its (avg: 101 its/slv, 100% success)
 Precon Linear Solve Succeeded: 8.19e-09 drop in 109 its (avg: 101 its/slv, 100% success)
 Precon Linear Solve Succeeded: 8e-09 drop in 97 its (avg: 101 its/slv, 100% success)
 Precon Linear Solve Succeeded: 8.09e-09 drop in 105 its (avg: 101 its/slv, 100% success)
 Precon Linear Solve Succeeded: 7.46e-09 drop in 94 its (avg: 101 its/slv, 100% success)
 Precon Linear Solve Succeeded: 7.41e-09 drop in 109 its (avg: 101 its/slv, 100% success)
 Precon Linear Solve Succeeded: 8.19e-09 drop in 95 its (avg: 101 its/slv, 100% success)
 Precon Linear Solve Succeeded: 8.98e-09 drop in 107 its (avg: 101 its/slv, 100% success)
 Precon Linear Solve Succeeded: 7.95e-09 drop in 93 its (avg: 101 its/slv, 100% success)
 Precon Linear Solve Succeeded: 8.02e-09 drop in 112 its (avg: 101 its/slv, 100% success)
 Precon Linear Solve Succeeded: 9.46e-09 drop in 93 its (avg: 101 its/slv, 100% success)
 
 The Belos solver of type "Belos::BlockGmresSolMgr<...,double>{Variant='Flexible', Ortho Type='DGKS', Block Size=1, Num Blocks=100, Max Restarts=20}" returned a solve status of "SOLVE_STATUS_CONVERGED" in 6 iterations with total CPU time of 4.73474 sec

************************************************************************
-- Nonlinear Solver Step 7 -- 
||F|| = 4.510e-02  step = 1.000e+00  dx = 3.210e+01
************************************************************************

 Precon Linear Solve Succeeded: 7.87e-09 drop in 111 its (avg: 101 its/slv, 100% success)
 Precon Linear Solve Succeeded: 7.86e-09 drop in 93 its (avg: 101 its/slv, 100% success)
 Precon Linear Solve Succeeded: 8.15e-09 drop in 106 its (avg: 101 its/slv, 100% success)
 Precon Linear Solve Succeeded: 9.84e-09 drop in 96 its (avg: 101 its/slv, 100% success)
 Precon Linear Solve Succeeded: 9.04e-09 drop in 102 its (avg: 101 its/slv, 100% success)
 Precon Linear Solve Succeeded: 9.23e-09 drop in 92 its (avg: 101 its/slv, 100% success)
 Precon Linear Solve Succeeded: 7.83e-09 drop in 108 its (avg: 101 its/slv, 100% success)
 Precon Linear Solve Succeeded: 9.69e-09 drop in 94 its (avg: 101 its/slv, 100% success)
 Precon Linear Solve Succeeded: 7.08e-09 drop in 106 its (avg: 101 its/slv, 100% success)
 Precon Linear Solve Succeeded: 8.52e-09 drop in 90 its (avg: 101 its/slv, 100% success)
 
 The Belos solver of type "Belos::BlockGmresSolMgr<...,double>{Variant='Flexible', Ortho Type='DGKS', Block Size=1, Num Blocks=100, Max Restarts=20}" returned a solve status of "SOLVE_STATUS_CONVERGED" in 5 iterations with total CPU time of 3.82249 sec

************************************************************************
-- Nonlinear Solver Step 8 -- 
||F|| = 1.502e-02  step = 1.000e+00  dx = 1.316e+01
************************************************************************

 Precon Linear Solve Succeeded: 9.14e-09 drop in 105 its (avg: 101 its/slv, 100% success)
 Precon Linear Solve Succeeded: 8.06e-09 drop in 93 its (avg: 101 its/slv, 100% success)
 Precon Linear Solve Succeeded: 7.1e-09 drop in 105 its (avg: 101 its/slv, 100% success)
 Precon Linear Solve Succeeded: 8.41e-09 drop in 94 its (avg: 101 its/slv, 100% success)
 Precon Linear Solve Succeeded: 9.86e-09 drop in 102 its (avg: 101 its/slv, 100% success)
 Precon Linear Solve Succeeded: 7.99e-09 drop in 90 its (avg: 100 its/slv, 100% success)
 Precon Linear Solve Succeeded: 8.17e-09 drop in 104 its (avg: 100 its/slv, 100% success)
 Precon Linear Solve Succeeded: 8.35e-09 drop in 92 its (avg: 100 its/slv, 100% success)
 
 The Belos solver of type "Belos::BlockGmresSolMgr<...,double>{Variant='Flexible', Ortho Type='DGKS', Block Size=1, Num Blocks=100, Max Restarts=20}" returned a solve status of "SOLVE_STATUS_CONVERGED" in 4 iterations with total CPU time of 2.96231 sec

************************************************************************
-- Nonlinear Solver Step 9 -- 
||F|| = 1.307e-03  step = 1.000e+00  dx = 5.941e-01
************************************************************************

 Precon Linear Solve Succeeded: 9.18e-09 drop in 104 its (avg: 100 its/slv, 100% success)
 Precon Linear Solve Succeeded: 8.65e-09 drop in 94 its (avg: 100 its/slv, 100% success)
 Precon Linear Solve Succeeded: 7.51e-09 drop in 104 its (avg: 100 its/slv, 100% success)
 Precon Linear Solve Succeeded: 8.03e-09 drop in 89 its (avg: 100 its/slv, 100% success)
 Precon Linear Solve Succeeded: 7.73e-09 drop in 100 its (avg: 100 its/slv, 100% success)
 Precon Linear Solve Succeeded: 9.25e-09 drop in 93 its (avg: 100 its/slv, 100% success)
 Precon Linear Solve Succeeded: 8.96e-09 drop in 104 its (avg: 100 its/slv, 100% success)
 Precon Linear Solve Succeeded: 9.22e-09 drop in 90 its (avg: 100 its/slv, 100% success)
 Precon Linear Solve Succeeded: 7.92e-09 drop in 102 its (avg: 100 its/slv, 100% success)
 Precon Linear Solve Succeeded: 8.78e-09 drop in 90 its (avg: 100 its/slv, 100% success)
 Precon Linear Solve Succeeded: 7.71e-09 drop in 103 its (avg: 100 its/slv, 100% success)
 Precon Linear Solve Succeeded: 9.28e-09 drop in 91 its (avg: 100 its/slv, 100% success)
 
 The Belos solver of type "Belos::BlockGmresSolMgr<...,double>{Variant='Flexible', Ortho Type='DGKS', Block Size=1, Num Blocks=100, Max Restarts=20}" returned a solve status of "SOLVE_STATUS_CONVERGED" in 6 iterations with total CPU time of 4.37748 sec

************************************************************************
-- Nonlinear Solver Step 10 -- 
||F|| = 2.647e-05  step = 1.000e+00  dx = 6.341e-02 (Converged!)
************************************************************************

************************************************************************
-- Final Status Test Results --
Converged....OR Combination -> 
  Converged....F-Norm = 2.647e-05 < 1.000e-04
               (Unscaled Two-Norm, Absolute Tolerance)
  ??...........Number of Iterations = -1 < 30
************************************************************************
Step Converged
Convergence Stats: for step  #1 : Newton, Krylov, Kr/Ne; LastKrylov, LastTol: 10  57  5.7  6 0.0202
NOXFinish called
  
 Writing diagnostics to log file, time(yr) =   0.0000000000000000     
 idiag_global, jdiag_global:           1           1
 local rank, i, j:           0           3           3
Application 13905108 resources: utime ~90s, stime ~0s Rss ~46380 inblocks ~33266 outblocks ~88484
